INFO     28/03 18:17:14   antiSMASH version: 8.0.4
INFO     28/03 18:17:14   diamond using executable: /usr/bin/diamond-aligner (2.1.3)
INFO     28/03 18:17:14   hmmpfam2 using executable: /usr/bin/hmm2pfam (2.3.2)
INFO     28/03 18:17:14   fasttree using executable: /usr/bin/fasttree
INFO     28/03 18:17:14   hmmsearch using executable: /usr/bin/hmmsearch (3.3.2)
INFO     28/03 18:17:14   hmmpress using executable: /usr/bin/hmmpress (3.3.2)
INFO     28/03 18:17:14   hmmscan using executable: /usr/bin/hmmscan (3.3.2)
INFO     28/03 18:17:14   prodigal using executable: /usr/bin/prodigal (V2.6.3)
INFO     28/03 18:17:14   blastp using executable: /usr/bin/blastp (2.12.0+)
INFO     28/03 18:17:14   makeblastdb using executable: /usr/bin/makeblastdb (2.12.0+)
DEBUG    28/03 18:17:14   Checking prerequisites for antismash.detection.hmm_detection
DEBUG    28/03 18:17:14   Found file '/usr/local/lib/python3.11/dist-packages/antismash/detection/hmm_detection/data/bgc_seeds.hmm'
DEBUG    28/03 18:17:14   Found file '/usr/local/lib/python3.11/dist-packages/antismash/detection/hmm_detection/data/bgc_seeds.hmm'
DEBUG    28/03 18:17:14   Found file '/usr/local/lib/python3.11/dist-packages/antismash/detection/hmm_detection/data/bgc_seeds.hmm.h3f'
DEBUG    28/03 18:17:14   Found file '/usr/local/lib/python3.11/dist-packages/antismash/detection/hmm_detection/data/bgc_seeds.hmm.h3i'
DEBUG    28/03 18:17:14   Found file '/usr/local/lib/python3.11/dist-packages/antismash/detection/hmm_detection/data/bgc_seeds.hmm.h3m'
DEBUG    28/03 18:17:14   Found file '/usr/local/lib/python3.11/dist-packages/antismash/detection/hmm_detection/data/bgc_seeds.hmm.h3p'
DEBUG    28/03 18:17:14   Checking prerequisites for antismash.detection.cluster_hmmer
DEBUG    28/03 18:17:14   Found file '/databases/pfam/35.0/Pfam-A.hmm'
DEBUG    28/03 18:17:14   Found file '/databases/pfam/35.0/Pfam-A.hmm.h3f'
DEBUG    28/03 18:17:14   Found file '/databases/pfam/35.0/Pfam-A.hmm.h3i'
DEBUG    28/03 18:17:14   Found file '/databases/pfam/35.0/Pfam-A.hmm.h3m'
DEBUG    28/03 18:17:14   Found file '/databases/pfam/35.0/Pfam-A.hmm.h3p'
DEBUG    28/03 18:17:14   Checking prerequisites for antismash.detection.genefunctions
DEBUG    28/03 18:17:14   Found file '/databases/resfam/Resfams.hmm'
DEBUG    28/03 18:17:14   Found file '/usr/local/lib/python3.11/dist-packages/antismash/detection/genefunctions/tools/data/extras.hmm.h3f'
DEBUG    28/03 18:17:14   Found file '/usr/local/lib/python3.11/dist-packages/antismash/detection/genefunctions/tools/data/extras.hmm.h3i'
DEBUG    28/03 18:17:14   Found file '/usr/local/lib/python3.11/dist-packages/antismash/detection/genefunctions/tools/data/extras.hmm.h3m'
DEBUG    28/03 18:17:14   Found file '/usr/local/lib/python3.11/dist-packages/antismash/detection/genefunctions/tools/data/extras.hmm.h3p'
DEBUG    28/03 18:17:14   Found file '/usr/local/lib/python3.11/dist-packages/antismash/detection/genefunctions/tools/halogenases/data/FDH.hmm'
DEBUG    28/03 18:17:14   Found file '/usr/local/lib/python3.11/dist-packages/antismash/detection/genefunctions/tools/halogenases/data/FDH.hmm.h3f'
DEBUG    28/03 18:17:14   Found file '/usr/local/lib/python3.11/dist-packages/antismash/detection/genefunctions/tools/halogenases/data/FDH.hmm.h3i'
DEBUG    28/03 18:17:14   Found file '/usr/local/lib/python3.11/dist-packages/antismash/detection/genefunctions/tools/halogenases/data/FDH.hmm.h3m'
DEBUG    28/03 18:17:14   Found file '/usr/local/lib/python3.11/dist-packages/antismash/detection/genefunctions/tools/halogenases/data/FDH.hmm.h3p'
DEBUG    28/03 18:17:14   Found file '/databases/mite/1.3/metadata.json'
DEBUG    28/03 18:17:14   Found file '/databases/mite/1.3/mite.fasta'
DEBUG    28/03 18:17:14   Found file '/databases/mite/1.3/mite.db.dmnd'
DEBUG    28/03 18:17:14   Found file '/databases/mite/1.3/mite.db.dmnd'
DEBUG    28/03 18:17:14   Found file '/usr/local/lib/python3.11/dist-packages/antismash/detection/genefunctions/tools/data/smcogs.hmm.h3f'
DEBUG    28/03 18:17:14   Found file '/usr/local/lib/python3.11/dist-packages/antismash/detection/genefunctions/tools/data/smcogs.hmm.h3i'
DEBUG    28/03 18:17:14   Found file '/usr/local/lib/python3.11/dist-packages/antismash/detection/genefunctions/tools/data/smcogs.hmm.h3m'
DEBUG    28/03 18:17:14   Found file '/usr/local/lib/python3.11/dist-packages/antismash/detection/genefunctions/tools/data/smcogs.hmm.h3p'
DEBUG    28/03 18:17:14   Found file '/databases/resfam/Resfams.hmm.h3f'
DEBUG    28/03 18:17:14   Found file '/databases/resfam/Resfams.hmm.h3i'
DEBUG    28/03 18:17:14   Found file '/databases/resfam/Resfams.hmm.h3m'
DEBUG    28/03 18:17:14   Found file '/databases/resfam/Resfams.hmm.h3p'
DEBUG    28/03 18:17:14   Checking prerequisites for antismash.detection.nrps_pks_domains
DEBUG    28/03 18:17:14   Found file '/usr/local/lib/python3.11/dist-packages/antismash/detection/nrps_pks_domains/data/abmotifs.hmm.h3f'
DEBUG    28/03 18:17:14   Found file '/usr/local/lib/python3.11/dist-packages/antismash/detection/nrps_pks_domains/data/abmotifs.hmm.h3i'
DEBUG    28/03 18:17:14   Found file '/usr/local/lib/python3.11/dist-packages/antismash/detection/nrps_pks_domains/data/abmotifs.hmm.h3m'
DEBUG    28/03 18:17:14   Found file '/usr/local/lib/python3.11/dist-packages/antismash/detection/nrps_pks_domains/data/abmotifs.hmm.h3p'
DEBUG    28/03 18:17:14   Found file '/usr/local/lib/python3.11/dist-packages/antismash/detection/nrps_pks_domains/data/dockingdomains.hmm.h3f'
DEBUG    28/03 18:17:14   Found file '/usr/local/lib/python3.11/dist-packages/antismash/detection/nrps_pks_domains/data/dockingdomains.hmm.h3i'
DEBUG    28/03 18:17:14   Found file '/usr/local/lib/python3.11/dist-packages/antismash/detection/nrps_pks_domains/data/dockingdomains.hmm.h3m'
DEBUG    28/03 18:17:14   Found file '/usr/local/lib/python3.11/dist-packages/antismash/detection/nrps_pks_domains/data/dockingdomains.hmm.h3p'
DEBUG    28/03 18:17:14   Found file '/usr/local/lib/python3.11/dist-packages/antismash/detection/nrps_pks_domains/data/ksdomains.hmm.h3f'
DEBUG    28/03 18:17:14   Found file '/usr/local/lib/python3.11/dist-packages/antismash/detection/nrps_pks_domains/data/ksdomains.hmm.h3i'
DEBUG    28/03 18:17:14   Found file '/usr/local/lib/python3.11/dist-packages/antismash/detection/nrps_pks_domains/data/ksdomains.hmm.h3m'
DEBUG    28/03 18:17:14   Found file '/usr/local/lib/python3.11/dist-packages/antismash/detection/nrps_pks_domains/data/ksdomains.hmm.h3p'
DEBUG    28/03 18:17:14   Found file '/usr/local/lib/python3.11/dist-packages/antismash/detection/nrps_pks_domains/data/nrpspksdomains.hmm.h3f'
DEBUG    28/03 18:17:14   Found file '/usr/local/lib/python3.11/dist-packages/antismash/detection/nrps_pks_domains/data/nrpspksdomains.hmm.h3i'
DEBUG    28/03 18:17:14   Found file '/usr/local/lib/python3.11/dist-packages/antismash/detection/nrps_pks_domains/data/nrpspksdomains.hmm.h3m'
DEBUG    28/03 18:17:14   Found file '/usr/local/lib/python3.11/dist-packages/antismash/detection/nrps_pks_domains/data/nrpspksdomains.hmm.h3p'
DEBUG    28/03 18:17:14   Found file '/databases/nrps_pks/transATor/2023.02.23/transATor.hmm.h3f'
DEBUG    28/03 18:17:14   Found file '/databases/nrps_pks/transATor/2023.02.23/transATor.hmm.h3i'
DEBUG    28/03 18:17:14   Found file '/databases/nrps_pks/transATor/2023.02.23/transATor.hmm.h3m'
DEBUG    28/03 18:17:14   Found file '/databases/nrps_pks/transATor/2023.02.23/transATor.hmm.h3p'
DEBUG    28/03 18:17:14   Checking prerequisites for antismash.detection.tigrfam
DEBUG    28/03 18:17:14   Found file '/databases/tigrfam/TIGRFam.hmm'
DEBUG    28/03 18:17:14   Found file '/databases/tigrfam/TIGRFam.hmm.h3f'
DEBUG    28/03 18:17:14   Found file '/databases/tigrfam/TIGRFam.hmm.h3i'
DEBUG    28/03 18:17:14   Found file '/databases/tigrfam/TIGRFam.hmm.h3m'
DEBUG    28/03 18:17:14   Found file '/databases/tigrfam/TIGRFam.hmm.h3p'
DEBUG    28/03 18:17:14   Checking prerequisites for antismash.modules.active_site_finder
DEBUG    28/03 18:17:14   Found file '/usr/local/lib/python3.11/dist-packages/antismash/modules/active_site_finder/data/PKSI-KR.hmm2'
DEBUG    28/03 18:17:14   Found file '/usr/local/lib/python3.11/dist-packages/antismash/modules/active_site_finder/data/PKSI-KS_N.hmm2'
DEBUG    28/03 18:17:14   Found file '/usr/local/lib/python3.11/dist-packages/antismash/modules/active_site_finder/data/PKSI-KS_C.hmm2'
DEBUG    28/03 18:17:14   Found file '/usr/local/lib/python3.11/dist-packages/antismash/modules/active_site_finder/data/PKSI-AT.hmm2'
DEBUG    28/03 18:17:14   Found file '/usr/local/lib/python3.11/dist-packages/antismash/modules/active_site_finder/data/PKSI-ACP.hmm2'
DEBUG    28/03 18:17:14   Found file '/usr/local/lib/python3.11/dist-packages/antismash/modules/active_site_finder/data/PKSI-DH.hmm2'
DEBUG    28/03 18:17:14   Found file '/usr/local/lib/python3.11/dist-packages/antismash/modules/active_site_finder/data/Thioesterase.hmm2'
DEBUG    28/03 18:17:14   Found file '/usr/local/lib/python3.11/dist-packages/antismash/modules/active_site_finder/data/PKSI-ER.hmm2'
DEBUG    28/03 18:17:14   Found file '/usr/local/lib/python3.11/dist-packages/antismash/modules/active_site_finder/data/p450.hmm2'
DEBUG    28/03 18:17:14   Checking prerequisites for antismash.modules.cluster_compare
DEBUG    28/03 18:17:14   Found file '/databases/clustercompare/mibig/4.0/data.json'
DEBUG    28/03 18:17:14   Found file '/databases/clustercompare/mibig/4.0/proteins.fasta'
DEBUG    28/03 18:17:14   Found file '/databases/clustercompare/mibig/4.0/proteins.dmnd'
DEBUG    28/03 18:17:14   Found file '/databases/clustercompare/mibig/4.0/proteins.dmnd'
DEBUG    28/03 18:17:14   Checking prerequisites for antismash.modules.clusterblast
DEBUG    28/03 18:17:14   Found file '/databases/knownclusterblast/4.0/clusters.txt'
DEBUG    28/03 18:17:14   Found file '/databases/knownclusterblast/4.0/proteins.fasta'
DEBUG    28/03 18:17:14   Found file '/databases/knownclusterblast/4.0/proteins.dmnd'
DEBUG    28/03 18:17:14   Found file '/databases/knownclusterblast/4.0/proteins.dmnd'
DEBUG    28/03 18:17:14   Found file '/databases/clusterblast/clusters.txt'
DEBUG    28/03 18:17:14   Found file '/databases/clusterblast/proteins.fasta'
DEBUG    28/03 18:17:14   Found file '/databases/clusterblast/proteins.dmnd'
DEBUG    28/03 18:17:14   Found file '/databases/clusterblast/proteins.dmnd'
DEBUG    28/03 18:17:14   Found file '/usr/local/lib/python3.11/dist-packages/antismash/modules/clusterblast/data/sub/proteins.fasta'
DEBUG    28/03 18:17:14   Found file '/usr/local/lib/python3.11/dist-packages/antismash/modules/clusterblast/data/sub/proteins.fasta.phr'
DEBUG    28/03 18:17:14   Found file '/usr/local/lib/python3.11/dist-packages/antismash/modules/clusterblast/data/sub/proteins.fasta.pin'
DEBUG    28/03 18:17:14   Found file '/usr/local/lib/python3.11/dist-packages/antismash/modules/clusterblast/data/sub/proteins.fasta.psq'
DEBUG    28/03 18:17:14   Found file '/usr/local/lib/python3.11/dist-packages/antismash/modules/clusterblast/data/sub/clusters.txt'
DEBUG    28/03 18:17:14   Checking prerequisites for antismash.modules.lanthipeptides
DEBUG    28/03 18:17:14   Found file '/databases/comparippson/asdb/4.0/cores.fa.pdb'
DEBUG    28/03 18:17:14   Found file '/databases/comparippson/asdb/4.0/cores.fa.phr'
DEBUG    28/03 18:17:14   Found file '/databases/comparippson/asdb/4.0/cores.fa.pin'
DEBUG    28/03 18:17:14   Found file '/databases/comparippson/asdb/4.0/cores.fa.pot'
DEBUG    28/03 18:17:14   Found file '/databases/comparippson/asdb/4.0/cores.fa.psq'
DEBUG    28/03 18:17:14   Found file '/databases/comparippson/asdb/4.0/cores.fa.ptf'
DEBUG    28/03 18:17:14   Found file '/databases/comparippson/asdb/4.0/cores.fa.pto'
DEBUG    28/03 18:17:14   Found file '/databases/comparippson/mibig/4.0/cores.fa.pdb'
DEBUG    28/03 18:17:14   Found file '/databases/comparippson/mibig/4.0/cores.fa.phr'
DEBUG    28/03 18:17:14   Found file '/databases/comparippson/mibig/4.0/cores.fa.pin'
DEBUG    28/03 18:17:14   Found file '/databases/comparippson/mibig/4.0/cores.fa.pot'
DEBUG    28/03 18:17:14   Found file '/databases/comparippson/mibig/4.0/cores.fa.psq'
DEBUG    28/03 18:17:14   Found file '/databases/comparippson/mibig/4.0/cores.fa.ptf'
DEBUG    28/03 18:17:14   Found file '/databases/comparippson/mibig/4.0/cores.fa.pto'
DEBUG    28/03 18:17:14   Checking prerequisites for antismash.modules.lassopeptides
DEBUG    28/03 18:17:14   Checking prerequisites for antismash.modules.nrps_pks
DEBUG    28/03 18:17:14   Found existing cache for /usr/local/lib/python3.11/dist-packages/antismash/modules/nrps_pks/data/terminals/cterm.fasta
DEBUG    28/03 18:17:14   Found existing cache for /usr/local/lib/python3.11/dist-packages/antismash/modules/nrps_pks/data/terminals/nterm.fasta
DEBUG    28/03 18:17:15   Found existing cache for /usr/local/lib/python3.11/dist-packages/antismash/modules/nrps_pks/at_analysis/data/AT_domains_muscle.fasta
DEBUG    28/03 18:17:15   Found existing cache for /usr/local/lib/python3.11/dist-packages/antismash/modules/nrps_pks/c_analysis/data/Rausch_C_203.fa
DEBUG    28/03 18:17:15   Found existing cache for /usr/local/lib/python3.11/dist-packages/antismash/modules/nrps_pks/kr_analysis/data/KRdomains_muscle.fasta
DEBUG    28/03 18:17:15   Found existing cache for /usr/local/lib/python3.11/dist-packages/antismash/modules/nrps_pks/minowa/data/AT_domains_muscle.fasta
DEBUG    28/03 18:17:15   Found existing cache for /usr/local/lib/python3.11/dist-packages/antismash/modules/nrps_pks/minowa/data/CAL_domains_muscle.fasta
DEBUG    28/03 18:17:15   Checking prerequisites for antismash.modules.pfam2go
DEBUG    28/03 18:17:15   Found file '/usr/local/lib/python3.11/dist-packages/antismash/modules/pfam2go/data/pfam2go.txt'
DEBUG    28/03 18:17:15   Checking prerequisites for antismash.modules.rrefinder
DEBUG    28/03 18:17:15   Found file '/usr/local/lib/python3.11/dist-packages/antismash/modules/rrefinder/data/RREFam.hmm.h3f'
DEBUG    28/03 18:17:15   Found file '/usr/local/lib/python3.11/dist-packages/antismash/modules/rrefinder/data/RREFam.hmm.h3i'
DEBUG    28/03 18:17:15   Found file '/usr/local/lib/python3.11/dist-packages/antismash/modules/rrefinder/data/RREFam.hmm.h3m'
DEBUG    28/03 18:17:15   Found file '/usr/local/lib/python3.11/dist-packages/antismash/modules/rrefinder/data/RREFam.hmm.h3p'
DEBUG    28/03 18:17:15   Checking prerequisites for antismash.modules.sactipeptides
DEBUG    28/03 18:17:15   Checking prerequisites for antismash.modules.t2pks
DEBUG    28/03 18:17:15   Found file '/usr/local/lib/python3.11/dist-packages/antismash/modules/t2pks/data/KSIII.fasta'
DEBUG    28/03 18:17:15   Found file '/usr/local/lib/python3.11/dist-packages/antismash/modules/t2pks/data/KSIII.phr'
DEBUG    28/03 18:17:15   Found file '/usr/local/lib/python3.11/dist-packages/antismash/modules/t2pks/data/KSIII.pin'
DEBUG    28/03 18:17:15   Found file '/usr/local/lib/python3.11/dist-packages/antismash/modules/t2pks/data/KSIII.psq'
DEBUG    28/03 18:17:15   Found file '/usr/local/lib/python3.11/dist-packages/antismash/modules/t2pks/data/AT.fasta'
DEBUG    28/03 18:17:15   Found file '/usr/local/lib/python3.11/dist-packages/antismash/modules/t2pks/data/AT.phr'
DEBUG    28/03 18:17:15   Found file '/usr/local/lib/python3.11/dist-packages/antismash/modules/t2pks/data/AT.pin'
DEBUG    28/03 18:17:15   Found file '/usr/local/lib/python3.11/dist-packages/antismash/modules/t2pks/data/AT.psq'
DEBUG    28/03 18:17:15   Found file '/usr/local/lib/python3.11/dist-packages/antismash/modules/t2pks/data/LIG.fasta'
DEBUG    28/03 18:17:15   Found file '/usr/local/lib/python3.11/dist-packages/antismash/modules/t2pks/data/LIG.phr'
DEBUG    28/03 18:17:15   Found file '/usr/local/lib/python3.11/dist-packages/antismash/modules/t2pks/data/LIG.pin'
DEBUG    28/03 18:17:15   Found file '/usr/local/lib/python3.11/dist-packages/antismash/modules/t2pks/data/LIG.psq'
DEBUG    28/03 18:17:15   Found file '/usr/local/lib/python3.11/dist-packages/antismash/modules/t2pks/data/t2pks.hmm.h3f'
DEBUG    28/03 18:17:15   Found file '/usr/local/lib/python3.11/dist-packages/antismash/modules/t2pks/data/t2pks.hmm.h3i'
DEBUG    28/03 18:17:15   Found file '/usr/local/lib/python3.11/dist-packages/antismash/modules/t2pks/data/t2pks.hmm.h3m'
DEBUG    28/03 18:17:15   Found file '/usr/local/lib/python3.11/dist-packages/antismash/modules/t2pks/data/t2pks.hmm.h3p'
DEBUG    28/03 18:17:15   Checking prerequisites for antismash.modules.terpene
DEBUG    28/03 18:17:15   Found file '/usr/local/lib/python3.11/dist-packages/antismash/modules/terpene/data/all_profiles.hmm'
DEBUG    28/03 18:17:15   Found file '/usr/local/lib/python3.11/dist-packages/antismash/modules/terpene/data/all_profiles.hmm.h3f'
DEBUG    28/03 18:17:15   Found file '/usr/local/lib/python3.11/dist-packages/antismash/modules/terpene/data/all_profiles.hmm.h3i'
DEBUG    28/03 18:17:15   Found file '/usr/local/lib/python3.11/dist-packages/antismash/modules/terpene/data/all_profiles.hmm.h3m'
DEBUG    28/03 18:17:15   Found file '/usr/local/lib/python3.11/dist-packages/antismash/modules/terpene/data/all_profiles.hmm.h3p'
DEBUG    28/03 18:17:15   Checking prerequisites for antismash.modules.tfbs_finder
DEBUG    28/03 18:17:15   Found file '/usr/local/lib/python3.11/dist-packages/antismash/modules/tfbs_finder/data/PWMs.json'
DEBUG    28/03 18:17:15   Checking prerequisites for antismash.modules.thiopeptides
DEBUG    28/03 18:17:15   Found file '/usr/local/lib/python3.11/dist-packages/antismash/modules/thiopeptides/data/thiopep3.hmm.h3f'
DEBUG    28/03 18:17:15   Found file '/usr/local/lib/python3.11/dist-packages/antismash/modules/thiopeptides/data/thiopep3.hmm.h3i'
DEBUG    28/03 18:17:15   Found file '/usr/local/lib/python3.11/dist-packages/antismash/modules/thiopeptides/data/thiopep3.hmm.h3m'
DEBUG    28/03 18:17:15   Found file '/usr/local/lib/python3.11/dist-packages/antismash/modules/thiopeptides/data/thiopep3.hmm.h3p'
DEBUG    28/03 18:17:15   Checking prerequisites for antismash.modules.tta
DEBUG    28/03 18:17:15   Checking prerequisites for antismash.outputs.html
DEBUG    28/03 18:17:15   Found file '/usr/local/lib/python3.11/dist-packages/antismash/outputs/html/css/bacteria.css'
DEBUG    28/03 18:17:15   Found file '/usr/local/lib/python3.11/dist-packages/antismash/outputs/html/css/fungi.css'
DEBUG    28/03 18:17:15   Found file '/usr/local/lib/python3.11/dist-packages/antismash/outputs/html/css/plants.css'
DEBUG    28/03 18:17:15   Checking prerequisites for antismash.support.genefinding
DEBUG    28/03 18:17:15   Checking options for antismash.detection.hmm_detection
DEBUG    28/03 18:17:15   Checking options for antismash.detection.cluster_hmmer
DEBUG    28/03 18:17:15   Found file '/databases/pfam/35.0/Pfam-A.hmm'
DEBUG    28/03 18:17:15   Found file '/databases/pfam/35.0/Pfam-A.hmm.h3f'
DEBUG    28/03 18:17:15   Found file '/databases/pfam/35.0/Pfam-A.hmm.h3i'
DEBUG    28/03 18:17:15   Found file '/databases/pfam/35.0/Pfam-A.hmm.h3m'
DEBUG    28/03 18:17:15   Found file '/databases/pfam/35.0/Pfam-A.hmm.h3p'
DEBUG    28/03 18:17:15   Checking options for antismash.detection.genefunctions
DEBUG    28/03 18:17:15   Checking options for antismash.detection.nrps_pks_domains
DEBUG    28/03 18:17:15   Checking options for antismash.detection.tigrfam
DEBUG    28/03 18:17:15   Checking options for antismash.modules.active_site_finder
DEBUG    28/03 18:17:15   Checking options for antismash.modules.cluster_compare
DEBUG    28/03 18:17:15   Checking options for antismash.modules.clusterblast
DEBUG    28/03 18:17:15   Checking options for antismash.modules.lanthipeptides
DEBUG    28/03 18:17:15   Checking options for antismash.modules.lassopeptides
DEBUG    28/03 18:17:15   Checking options for antismash.modules.nrps_pks
DEBUG    28/03 18:17:15   Checking options for antismash.modules.pfam2go
DEBUG    28/03 18:17:15   Checking options for antismash.modules.rrefinder
DEBUG    28/03 18:17:15   Checking options for antismash.modules.sactipeptides
DEBUG    28/03 18:17:15   Checking options for antismash.modules.t2pks
DEBUG    28/03 18:17:15   Checking options for antismash.modules.terpene
DEBUG    28/03 18:17:15   Checking options for antismash.modules.tfbs_finder
DEBUG    28/03 18:17:15   Checking options for antismash.modules.thiopeptides
DEBUG    28/03 18:17:15   Checking options for antismash.modules.tta
DEBUG    28/03 18:17:15   Checking options for antismash.outputs.html
DEBUG    28/03 18:17:15   Checking options for antismash.support.genefinding
INFO     28/03 18:17:15   Parsing input sequence '/input/ragtag.scaffold.fasta'
DEBUG    28/03 18:17:15   Stripping antiSMASH features and annotations from record: NZ_CP106873.1_RagTag
DEBUG    28/03 18:17:15   Stripping antiSMASH features and annotations from record: CBC-1-assembly_contig_23:1-6497
DEBUG    28/03 18:17:15   Stripping antiSMASH features and annotations from record: CBC-1-assembly_contig_24:1-3817
DEBUG    28/03 18:17:15   Stripping antiSMASH features and annotations from record: CBC-1-assembly_contig_25:1-3407
DEBUG    28/03 18:17:15   Converting records from biopython to secmet
DEBUG    28/03 18:17:15   Removing existing region genbank files
DEBUG    28/03 18:17:15   Reusing output directory: /data/antismash/upload/bacteria-a4493205-0320-412f-bf88-7e1c0c71c653
DEBUG    28/03 18:17:15   Preprocessing 4 sequences
DEBUG    28/03 18:17:15   Sanitising record ids and sequences
DEBUG    28/03 18:17:15   Removing sequences smaller than 1000 bases
DEBUG    28/03 18:17:15   Ensuring records have CDS features with all required information
INFO     28/03 18:17:15   No CDS features found in record 'CBC-1-assembly_contig_231-6497', running gene finding.
INFO     28/03 18:17:15   No CDS features found in record 'NZ_CP106873.1_RagTag', running gene finding.
DEBUG    28/03 18:17:15   Running prodigal based genefinding
INFO     28/03 18:17:15   No CDS features found in record 'CBC-1-assembly_contig_241-3817', running gene finding.
INFO     28/03 18:17:15   No CDS features found in record 'CBC-1-assembly_contig_251-3407', running gene finding.
DEBUG    28/03 18:17:15   Running prodigal based genefinding
DEBUG    28/03 18:17:15   Running prodigal based genefinding
DEBUG    28/03 18:17:15   Running prodigal based genefinding
DEBUG    28/03 18:17:15   prodigal found 1 CDS features
DEBUG    28/03 18:17:15   prodigal found 1 CDS features
DEBUG    28/03 18:17:15   prodigal found 1 CDS features
DEBUG    28/03 18:17:15   prodigal found 37 CDS features
INFO     28/03 18:17:15   Analysing record: NZ_CP106873.1_RagTag
INFO     28/03 18:17:15   Detecting secondary metabolite clusters
DEBUG    28/03 18:17:15   Checking if antismash.detection.hmm_detection should be run
INFO     28/03 18:17:15   Running antismash.detection.hmm_detection
INFO     28/03 18:17:15   HMM detection using strictness: strict
DEBUG    28/03 18:17:22   1 rule-based cluster(s) found in record
DEBUG    28/03 18:17:22   1 protoclusters found
DEBUG    28/03 18:17:22   0 subregions found
INFO     28/03 18:17:22   1 region(s) detected in record
DEBUG    28/03 18:17:22   Checking if antismash.detection.cluster_hmmer should be run
INFO     28/03 18:17:22   Running antismash.detection.cluster_hmmer
INFO     28/03 18:17:22   Running cluster PFAM search
DEBUG    28/03 18:17:38   Building name mapping for HMMer database Pfam-A.hmm
DEBUG    28/03 18:17:43   Building cutoff mapping for HMMer database /databases/pfam/35.0/Pfam-A.hmm
DEBUG    28/03 18:17:48   Adding detection results from antismash.detection.cluster_hmmer to record
DEBUG    28/03 18:17:48   Checking if antismash.detection.genefunctions should be run
INFO     28/03 18:17:48   Running antismash.detection.genefunctions
DEBUG    28/03 18:17:51   Adding detection results from antismash.detection.genefunctions to record
DEBUG    28/03 18:17:51   annotating CDS features with extras info: 0 CDSes
DEBUG    28/03 18:17:51   annotating CDS features with halogenases info: 0 CDSes
DEBUG    28/03 18:17:51   annotating CDS features with MITE info: 0 CDSes
DEBUG    28/03 18:17:51   annotating CDS features with resist info: 0 CDSes
DEBUG    28/03 18:17:51   annotating CDS features with smcogs info: 19 CDSes
DEBUG    28/03 18:17:51   Checking if antismash.detection.nrps_pks_domains should be run
INFO     28/03 18:17:51   Running antismash.detection.nrps_pks_domains
DEBUG    28/03 18:17:51   Marking NRPS/PKS CDS features and domains in clusters
DEBUG    28/03 18:17:53   Adding detection results from antismash.detection.nrps_pks_domains to record
DEBUG    28/03 18:17:53   Checking if antismash.detection.tigrfam should be run
INFO     28/03 18:17:53   Running antismash.detection.tigrfam
INFO     28/03 18:17:53   Running TIGRFam search
DEBUG    28/03 18:18:01   Building name mapping for HMMer database TIGRFam.hmm
DEBUG    28/03 18:18:03   Adding detection results from antismash.detection.tigrfam to record
DEBUG    28/03 18:18:03   Checking if antismash.modules.active_site_finder should be run
INFO     28/03 18:18:03   Running antismash.modules.active_site_finder
DEBUG    28/03 18:18:03   Checking if antismash.modules.cluster_compare should be run
INFO     28/03 18:18:03   Running antismash.modules.cluster_compare
DEBUG    28/03 18:18:03   Loading comparison database: MIBiG
DEBUG    28/03 18:18:03   Comparison database loaded
INFO     28/03 18:18:03   Comparing regions to reference database
DEBUG    28/03 18:18:08   Checking if antismash.modules.clusterblast should be run
INFO     28/03 18:18:08   Running antismash.modules.clusterblast
INFO     28/03 18:18:08   Running ClusterBlast
INFO     28/03 18:18:08   ClusterBlast: Loading gene cluster database into memory...
INFO     28/03 18:18:12   ClusterBlast: Loading gene cluster database proteins into memory...
INFO     28/03 18:18:42   Comparing regions to reference database
INFO     28/03 18:19:42   Running subcluster search
INFO     28/03 18:19:42   SubClusterBlast: Loading gene cluster database into memory...
INFO     28/03 18:19:42   SubClusterBlast: Loading gene cluster database proteins into memory...
INFO     28/03 18:19:43   Running known cluster search
INFO     28/03 18:19:43   KnownClusterBlast: Loading gene cluster database into memory...
INFO     28/03 18:19:43   KnownClusterBlast: Loading gene cluster database proteins into memory...
DEBUG    28/03 18:19:44   Running DIAMOND knowncluster searches..
INFO     28/03 18:19:44   Comparing regions to reference database
DEBUG    28/03 18:19:51   Checking if antismash.modules.lanthipeptides should be run
INFO     28/03 18:19:51   Running antismash.modules.lanthipeptides
DEBUG    28/03 18:19:51   Lanthipeptide module marked 0 motifs
DEBUG    28/03 18:19:51   Checking if antismash.modules.lassopeptides should be run
INFO     28/03 18:19:51   Running antismash.modules.lassopeptides
DEBUG    28/03 18:19:51   Lassopeptide module marked 0 motifs
DEBUG    28/03 18:19:51   Checking if antismash.modules.nrps_pks should be run
INFO     28/03 18:19:51   Running antismash.modules.nrps_pks
INFO     28/03 18:19:51   Predicting A domain substrate specificities with nrpys
INFO     28/03 18:19:51   Predicting NRPS C domain activity using active site motifs
DEBUG    28/03 18:19:55   CandidateCluster 1 monomer ordering method: colinear
DEBUG    28/03 18:19:55   Checking if antismash.modules.pfam2go should be run
INFO     28/03 18:19:55   Running antismash.modules.pfam2go
DEBUG    28/03 18:19:55   Checking if antismash.modules.rrefinder should be run
INFO     28/03 18:19:55   Running antismash.modules.rrefinder
DEBUG    28/03 18:19:55   Checking if antismash.modules.sactipeptides should be run
INFO     28/03 18:19:55   Running antismash.modules.sactipeptides
DEBUG    28/03 18:19:55   Found no sactipeptide motifs
DEBUG    28/03 18:19:56   Checking if antismash.modules.t2pks should be run
INFO     28/03 18:19:56   Running antismash.modules.t2pks
DEBUG    28/03 18:19:56   No type II PKS clusters to analyze
DEBUG    28/03 18:19:56   Checking if antismash.modules.terpene should be run
INFO     28/03 18:19:56   Running antismash.modules.terpene
DEBUG    28/03 18:19:56   No terpene clusters to analyse
DEBUG    28/03 18:19:56   Checking if antismash.modules.tfbs_finder should be run
INFO     28/03 18:19:56   Running antismash.modules.tfbs_finder
DEBUG    28/03 18:19:56   Checking if antismash.modules.thiopeptides should be run
INFO     28/03 18:19:56   Running antismash.modules.thiopeptides
DEBUG    28/03 18:19:56   Thiopeptides marked 0 motifs
DEBUG    28/03 18:19:56   Checking if antismash.modules.tta should be run
INFO     28/03 18:19:56   Running antismash.modules.tta
INFO     28/03 18:19:56   Detecting TTA codons
DEBUG    28/03 18:19:56   GC content: 69%
DEBUG    28/03 18:19:56   Detected 8 TTA codons
INFO     28/03 18:19:56   Analysing record: CBC-1-assembly_contig_231-6497
INFO     28/03 18:19:56   Detecting secondary metabolite clusters
DEBUG    28/03 18:19:56   Checking if antismash.detection.hmm_detection should be run
INFO     28/03 18:19:56   Running antismash.detection.hmm_detection
INFO     28/03 18:19:56   HMM detection using strictness: strict
DEBUG    28/03 18:19:58   1 rule-based cluster(s) found in record
DEBUG    28/03 18:19:58   1 protoclusters found
DEBUG    28/03 18:19:58   0 subregions found
INFO     28/03 18:19:58   1 region(s) detected in record
DEBUG    28/03 18:19:58   Checking if antismash.detection.cluster_hmmer should be run
INFO     28/03 18:19:58   Running antismash.detection.cluster_hmmer
INFO     28/03 18:19:58   Running cluster PFAM search
DEBUG    28/03 18:19:58   Adding detection results from antismash.detection.cluster_hmmer to record
DEBUG    28/03 18:19:58   Checking if antismash.detection.genefunctions should be run
INFO     28/03 18:19:58   Running antismash.detection.genefunctions
DEBUG    28/03 18:19:59   Adding detection results from antismash.detection.genefunctions to record
DEBUG    28/03 18:19:59   annotating CDS features with extras info: 0 CDSes
DEBUG    28/03 18:19:59   annotating CDS features with halogenases info: 0 CDSes
DEBUG    28/03 18:19:59   annotating CDS features with MITE info: 0 CDSes
DEBUG    28/03 18:19:59   annotating CDS features with resist info: 0 CDSes
DEBUG    28/03 18:19:59   annotating CDS features with smcogs info: 1 CDSes
DEBUG    28/03 18:19:59   Checking if antismash.detection.nrps_pks_domains should be run
INFO     28/03 18:19:59   Running antismash.detection.nrps_pks_domains
DEBUG    28/03 18:19:59   Marking NRPS/PKS CDS features and domains in clusters
DEBUG    28/03 18:19:59   Adding detection results from antismash.detection.nrps_pks_domains to record
DEBUG    28/03 18:19:59   Checking if antismash.detection.tigrfam should be run
INFO     28/03 18:19:59   Running antismash.detection.tigrfam
INFO     28/03 18:19:59   Running TIGRFam search
DEBUG    28/03 18:20:00   Adding detection results from antismash.detection.tigrfam to record
DEBUG    28/03 18:20:00   Checking if antismash.modules.active_site_finder should be run
INFO     28/03 18:20:00   Running antismash.modules.active_site_finder
DEBUG    28/03 18:20:00   Checking if antismash.modules.cluster_compare should be run
INFO     28/03 18:20:00   Running antismash.modules.cluster_compare
DEBUG    28/03 18:20:00   Loading comparison database: MIBiG
DEBUG    28/03 18:20:00   Comparison database loaded
INFO     28/03 18:20:00   Comparing regions to reference database
DEBUG    28/03 18:20:03   Checking if antismash.modules.clusterblast should be run
INFO     28/03 18:20:03   Running antismash.modules.clusterblast
INFO     28/03 18:20:03   Running ClusterBlast
INFO     28/03 18:20:03   ClusterBlast: Loading gene cluster database into memory...
INFO     28/03 18:20:05   ClusterBlast: Loading gene cluster database proteins into memory...
INFO     28/03 18:20:33   Comparing regions to reference database
INFO     28/03 18:21:10   Running subcluster search
INFO     28/03 18:21:10   SubClusterBlast: Loading gene cluster database into memory...
INFO     28/03 18:21:10   SubClusterBlast: Loading gene cluster database proteins into memory...
INFO     28/03 18:21:11   Running known cluster search
INFO     28/03 18:21:11   KnownClusterBlast: Loading gene cluster database into memory...
INFO     28/03 18:21:11   KnownClusterBlast: Loading gene cluster database proteins into memory...
DEBUG    28/03 18:21:11   Running DIAMOND knowncluster searches..
INFO     28/03 18:21:11   Comparing regions to reference database
DEBUG    28/03 18:21:17   Checking if antismash.modules.lanthipeptides should be run
INFO     28/03 18:21:17   Running antismash.modules.lanthipeptides
DEBUG    28/03 18:21:17   Lanthipeptide module marked 0 motifs
DEBUG    28/03 18:21:17   Checking if antismash.modules.lassopeptides should be run
INFO     28/03 18:21:17   Running antismash.modules.lassopeptides
DEBUG    28/03 18:21:17   Lassopeptide module marked 0 motifs
DEBUG    28/03 18:21:17   Checking if antismash.modules.nrps_pks should be run
INFO     28/03 18:21:17   Running antismash.modules.nrps_pks
INFO     28/03 18:21:17   Predicting A domain substrate specificities with nrpys
INFO     28/03 18:21:17   Predicting NRPS C domain activity using active site motifs
DEBUG    28/03 18:21:18   CandidateCluster 1 monomer ordering method: colinear
DEBUG    28/03 18:21:18   Checking if antismash.modules.pfam2go should be run
INFO     28/03 18:21:18   Running antismash.modules.pfam2go
DEBUG    28/03 18:21:18   Checking if antismash.modules.rrefinder should be run
INFO     28/03 18:21:18   Running antismash.modules.rrefinder
DEBUG    28/03 18:21:18   Checking if antismash.modules.sactipeptides should be run
INFO     28/03 18:21:18   Running antismash.modules.sactipeptides
DEBUG    28/03 18:21:18   Found no sactipeptide motifs
DEBUG    28/03 18:21:18   Checking if antismash.modules.t2pks should be run
INFO     28/03 18:21:18   Running antismash.modules.t2pks
DEBUG    28/03 18:21:18   No type II PKS clusters to analyze
DEBUG    28/03 18:21:18   Checking if antismash.modules.terpene should be run
INFO     28/03 18:21:18   Running antismash.modules.terpene
DEBUG    28/03 18:21:18   No terpene clusters to analyse
DEBUG    28/03 18:21:18   Checking if antismash.modules.tfbs_finder should be run
INFO     28/03 18:21:18   Running antismash.modules.tfbs_finder
DEBUG    28/03 18:21:18   Checking if antismash.modules.thiopeptides should be run
INFO     28/03 18:21:18   Running antismash.modules.thiopeptides
DEBUG    28/03 18:21:18   Thiopeptides marked 0 motifs
DEBUG    28/03 18:21:19   Checking if antismash.modules.tta should be run
INFO     28/03 18:21:19   Running antismash.modules.tta
INFO     28/03 18:21:19   Detecting TTA codons
DEBUG    28/03 18:21:19   GC content: 69%
DEBUG    28/03 18:21:19   Detected 0 TTA codons
INFO     28/03 18:21:19   Analysing record: CBC-1-assembly_contig_241-3817
INFO     28/03 18:21:19   Detecting secondary metabolite clusters
DEBUG    28/03 18:21:19   Checking if antismash.detection.hmm_detection should be run
INFO     28/03 18:21:19   Running antismash.detection.hmm_detection
INFO     28/03 18:21:19   HMM detection using strictness: strict
DEBUG    28/03 18:21:20   1 rule-based cluster(s) found in record
DEBUG    28/03 18:21:20   1 protoclusters found
DEBUG    28/03 18:21:20   0 subregions found
INFO     28/03 18:21:20   1 region(s) detected in record
DEBUG    28/03 18:21:20   Checking if antismash.detection.cluster_hmmer should be run
INFO     28/03 18:21:20   Running antismash.detection.cluster_hmmer
INFO     28/03 18:21:20   Running cluster PFAM search
DEBUG    28/03 18:21:20   Adding detection results from antismash.detection.cluster_hmmer to record
DEBUG    28/03 18:21:20   Checking if antismash.detection.genefunctions should be run
INFO     28/03 18:21:20   Running antismash.detection.genefunctions
DEBUG    28/03 18:21:21   Adding detection results from antismash.detection.genefunctions to record
DEBUG    28/03 18:21:21   annotating CDS features with extras info: 0 CDSes
DEBUG    28/03 18:21:21   annotating CDS features with halogenases info: 0 CDSes
DEBUG    28/03 18:21:21   annotating CDS features with MITE info: 0 CDSes
DEBUG    28/03 18:21:21   annotating CDS features with resist info: 0 CDSes
DEBUG    28/03 18:21:21   annotating CDS features with smcogs info: 1 CDSes
DEBUG    28/03 18:21:21   Checking if antismash.detection.nrps_pks_domains should be run
INFO     28/03 18:21:21   Running antismash.detection.nrps_pks_domains
DEBUG    28/03 18:21:21   Marking NRPS/PKS CDS features and domains in clusters
DEBUG    28/03 18:21:21   Adding detection results from antismash.detection.nrps_pks_domains to record
DEBUG    28/03 18:21:21   Checking if antismash.detection.tigrfam should be run
INFO     28/03 18:21:21   Running antismash.detection.tigrfam
INFO     28/03 18:21:21   Running TIGRFam search
DEBUG    28/03 18:21:22   Adding detection results from antismash.detection.tigrfam to record
DEBUG    28/03 18:21:22   Checking if antismash.modules.active_site_finder should be run
INFO     28/03 18:21:22   Running antismash.modules.active_site_finder
DEBUG    28/03 18:21:22   Checking if antismash.modules.cluster_compare should be run
INFO     28/03 18:21:22   Running antismash.modules.cluster_compare
DEBUG    28/03 18:21:22   Loading comparison database: MIBiG
DEBUG    28/03 18:21:22   Comparison database loaded
INFO     28/03 18:21:22   Comparing regions to reference database
DEBUG    28/03 18:21:25   Checking if antismash.modules.clusterblast should be run
INFO     28/03 18:21:25   Running antismash.modules.clusterblast
INFO     28/03 18:21:25   Running ClusterBlast
INFO     28/03 18:21:25   ClusterBlast: Loading gene cluster database into memory...
INFO     28/03 18:21:29   ClusterBlast: Loading gene cluster database proteins into memory...
INFO     28/03 18:21:58   Comparing regions to reference database
INFO     28/03 18:22:30   Running subcluster search
INFO     28/03 18:22:30   SubClusterBlast: Loading gene cluster database into memory...
INFO     28/03 18:22:30   SubClusterBlast: Loading gene cluster database proteins into memory...
INFO     28/03 18:22:31   Running known cluster search
INFO     28/03 18:22:31   KnownClusterBlast: Loading gene cluster database into memory...
INFO     28/03 18:22:31   KnownClusterBlast: Loading gene cluster database proteins into memory...
DEBUG    28/03 18:22:31   Running DIAMOND knowncluster searches..
INFO     28/03 18:22:31   Comparing regions to reference database
DEBUG    28/03 18:22:37   Checking if antismash.modules.lanthipeptides should be run
INFO     28/03 18:22:37   Running antismash.modules.lanthipeptides
DEBUG    28/03 18:22:37   Lanthipeptide module marked 0 motifs
DEBUG    28/03 18:22:37   Checking if antismash.modules.lassopeptides should be run
INFO     28/03 18:22:37   Running antismash.modules.lassopeptides
DEBUG    28/03 18:22:37   Lassopeptide module marked 0 motifs
DEBUG    28/03 18:22:37   Checking if antismash.modules.nrps_pks should be run
INFO     28/03 18:22:37   Running antismash.modules.nrps_pks
INFO     28/03 18:22:37   Predicting A domain substrate specificities with nrpys
INFO     28/03 18:22:37   Predicting NRPS C domain activity using active site motifs
DEBUG    28/03 18:22:37   CandidateCluster 1 monomer ordering method: colinear
DEBUG    28/03 18:22:37   Checking if antismash.modules.pfam2go should be run
INFO     28/03 18:22:37   Running antismash.modules.pfam2go
DEBUG    28/03 18:22:37   Checking if antismash.modules.rrefinder should be run
INFO     28/03 18:22:37   Running antismash.modules.rrefinder
DEBUG    28/03 18:22:37   Checking if antismash.modules.sactipeptides should be run
INFO     28/03 18:22:37   Running antismash.modules.sactipeptides
DEBUG    28/03 18:22:37   Found no sactipeptide motifs
DEBUG    28/03 18:22:38   Checking if antismash.modules.t2pks should be run
INFO     28/03 18:22:38   Running antismash.modules.t2pks
DEBUG    28/03 18:22:38   No type II PKS clusters to analyze
DEBUG    28/03 18:22:38   Checking if antismash.modules.terpene should be run
INFO     28/03 18:22:38   Running antismash.modules.terpene
DEBUG    28/03 18:22:38   No terpene clusters to analyse
DEBUG    28/03 18:22:38   Checking if antismash.modules.tfbs_finder should be run
INFO     28/03 18:22:38   Running antismash.modules.tfbs_finder
DEBUG    28/03 18:22:38   Checking if antismash.modules.thiopeptides should be run
INFO     28/03 18:22:38   Running antismash.modules.thiopeptides
DEBUG    28/03 18:22:38   Thiopeptides marked 0 motifs
DEBUG    28/03 18:22:38   Checking if antismash.modules.tta should be run
INFO     28/03 18:22:38   Running antismash.modules.tta
INFO     28/03 18:22:38   Detecting TTA codons
DEBUG    28/03 18:22:38   GC content: 71%
DEBUG    28/03 18:22:38   Detected 0 TTA codons
INFO     28/03 18:22:38   Analysing record: CBC-1-assembly_contig_251-3407
INFO     28/03 18:22:38   Detecting secondary metabolite clusters
DEBUG    28/03 18:22:38   Checking if antismash.detection.hmm_detection should be run
INFO     28/03 18:22:38   Running antismash.detection.hmm_detection
INFO     28/03 18:22:38   HMM detection using strictness: strict
DEBUG    28/03 18:22:39   1 rule-based cluster(s) found in record
DEBUG    28/03 18:22:39   1 protoclusters found
DEBUG    28/03 18:22:39   0 subregions found
INFO     28/03 18:22:39   1 region(s) detected in record
DEBUG    28/03 18:22:39   Checking if antismash.detection.cluster_hmmer should be run
INFO     28/03 18:22:39   Running antismash.detection.cluster_hmmer
INFO     28/03 18:22:39   Running cluster PFAM search
DEBUG    28/03 18:22:39   Adding detection results from antismash.detection.cluster_hmmer to record
DEBUG    28/03 18:22:39   Checking if antismash.detection.genefunctions should be run
INFO     28/03 18:22:39   Running antismash.detection.genefunctions
DEBUG    28/03 18:22:40   Adding detection results from antismash.detection.genefunctions to record
DEBUG    28/03 18:22:40   annotating CDS features with extras info: 0 CDSes
DEBUG    28/03 18:22:40   annotating CDS features with halogenases info: 0 CDSes
DEBUG    28/03 18:22:40   annotating CDS features with MITE info: 0 CDSes
DEBUG    28/03 18:22:40   annotating CDS features with resist info: 0 CDSes
DEBUG    28/03 18:22:40   annotating CDS features with smcogs info: 1 CDSes
DEBUG    28/03 18:22:40   Checking if antismash.detection.nrps_pks_domains should be run
INFO     28/03 18:22:40   Running antismash.detection.nrps_pks_domains
DEBUG    28/03 18:22:40   Marking NRPS/PKS CDS features and domains in clusters
DEBUG    28/03 18:22:40   Adding detection results from antismash.detection.nrps_pks_domains to record
DEBUG    28/03 18:22:40   Checking if antismash.detection.tigrfam should be run
INFO     28/03 18:22:40   Running antismash.detection.tigrfam
INFO     28/03 18:22:40   Running TIGRFam search
DEBUG    28/03 18:22:41   Adding detection results from antismash.detection.tigrfam to record
DEBUG    28/03 18:22:41   Checking if antismash.modules.active_site_finder should be run
INFO     28/03 18:22:41   Running antismash.modules.active_site_finder
DEBUG    28/03 18:22:41   Checking if antismash.modules.cluster_compare should be run
INFO     28/03 18:22:41   Running antismash.modules.cluster_compare
DEBUG    28/03 18:22:41   Loading comparison database: MIBiG
DEBUG    28/03 18:22:41   Comparison database loaded
INFO     28/03 18:22:41   Comparing regions to reference database
DEBUG    28/03 18:22:44   Checking if antismash.modules.clusterblast should be run
INFO     28/03 18:22:44   Running antismash.modules.clusterblast
INFO     28/03 18:22:44   Running ClusterBlast
INFO     28/03 18:22:44   ClusterBlast: Loading gene cluster database into memory...
INFO     28/03 18:22:46   ClusterBlast: Loading gene cluster database proteins into memory...
INFO     28/03 18:23:16   Comparing regions to reference database
INFO     28/03 18:23:49   Running subcluster search
INFO     28/03 18:23:49   SubClusterBlast: Loading gene cluster database into memory...
INFO     28/03 18:23:49   SubClusterBlast: Loading gene cluster database proteins into memory...
INFO     28/03 18:23:49   Running known cluster search
INFO     28/03 18:23:49   KnownClusterBlast: Loading gene cluster database into memory...
INFO     28/03 18:23:49   KnownClusterBlast: Loading gene cluster database proteins into memory...
DEBUG    28/03 18:23:50   Running DIAMOND knowncluster searches..
INFO     28/03 18:23:50   Comparing regions to reference database
DEBUG    28/03 18:23:55   Checking if antismash.modules.lanthipeptides should be run
INFO     28/03 18:23:55   Running antismash.modules.lanthipeptides
DEBUG    28/03 18:23:55   Lanthipeptide module marked 0 motifs
DEBUG    28/03 18:23:55   Checking if antismash.modules.lassopeptides should be run
INFO     28/03 18:23:55   Running antismash.modules.lassopeptides
DEBUG    28/03 18:23:55   Lassopeptide module marked 0 motifs
DEBUG    28/03 18:23:55   Checking if antismash.modules.nrps_pks should be run
INFO     28/03 18:23:55   Running antismash.modules.nrps_pks
INFO     28/03 18:23:55   Predicting A domain substrate specificities with nrpys
INFO     28/03 18:23:55   Predicting NRPS C domain activity using active site motifs
DEBUG    28/03 18:23:55   CandidateCluster 1 monomer ordering method: colinear
DEBUG    28/03 18:23:55   Checking if antismash.modules.pfam2go should be run
INFO     28/03 18:23:55   Running antismash.modules.pfam2go
DEBUG    28/03 18:23:55   Checking if antismash.modules.rrefinder should be run
INFO     28/03 18:23:55   Running antismash.modules.rrefinder
DEBUG    28/03 18:23:55   Checking if antismash.modules.sactipeptides should be run
INFO     28/03 18:23:55   Running antismash.modules.sactipeptides
DEBUG    28/03 18:23:55   Found no sactipeptide motifs
DEBUG    28/03 18:23:56   Checking if antismash.modules.t2pks should be run
INFO     28/03 18:23:56   Running antismash.modules.t2pks
DEBUG    28/03 18:23:56   No type II PKS clusters to analyze
DEBUG    28/03 18:23:56   Checking if antismash.modules.terpene should be run
INFO     28/03 18:23:56   Running antismash.modules.terpene
DEBUG    28/03 18:23:56   No terpene clusters to analyse
DEBUG    28/03 18:23:56   Checking if antismash.modules.tfbs_finder should be run
INFO     28/03 18:23:56   Running antismash.modules.tfbs_finder
DEBUG    28/03 18:23:56   Checking if antismash.modules.thiopeptides should be run
INFO     28/03 18:23:56   Running antismash.modules.thiopeptides
DEBUG    28/03 18:23:56   Thiopeptides marked 0 motifs
DEBUG    28/03 18:23:56   Checking if antismash.modules.tta should be run
INFO     28/03 18:23:56   Running antismash.modules.tta
INFO     28/03 18:23:56   Detecting TTA codons
DEBUG    28/03 18:23:56   GC content: 68%
DEBUG    28/03 18:23:56   Detected 3 TTA codons
INFO     28/03 18:23:56   Writing results
DEBUG    28/03 18:23:56   Writing json results to '/data/antismash/upload/bacteria-a4493205-0320-412f-bf88-7e1c0c71c653/ragtag.scaffold.json'
DEBUG    28/03 18:23:56   Record NZ_CP106873.1_RagTag has results for modules: hmm_detection, cluster_hmmer, genefunctions, nrps_pks_domains, tigrfam, active_site_finder, cluster_compare, clusterblast, lanthipeptides, lassopeptides, nrps_pks, pfam2go, rrefinder, sactipeptides, t2pks, terpene, tfbs_finder, thiopeptides, tta
DEBUG    28/03 18:23:56   Converting antismash.detection.hmm_detection results to json
DEBUG    28/03 18:23:56   Converting antismash.detection.cluster_hmmer results to json
DEBUG    28/03 18:23:56   Converting antismash.detection.genefunctions results to json
DEBUG    28/03 18:23:56   Converting antismash.detection.nrps_pks_domains results to json
DEBUG    28/03 18:23:56   Converting antismash.detection.tigrfam results to json
DEBUG    28/03 18:23:56   Converting antismash.modules.active_site_finder results to json
DEBUG    28/03 18:23:56   Converting antismash.modules.cluster_compare results to json
DEBUG    28/03 18:23:56   Converting antismash.modules.clusterblast results to json
DEBUG    28/03 18:23:56   Converting antismash.modules.lanthipeptides results to json
DEBUG    28/03 18:23:56   Converting antismash.modules.lassopeptides results to json
DEBUG    28/03 18:23:56   Converting antismash.modules.nrps_pks results to json
DEBUG    28/03 18:23:56   Converting antismash.modules.pfam2go results to json
DEBUG    28/03 18:23:56   Converting antismash.modules.rrefinder results to json
DEBUG    28/03 18:23:56   Converting antismash.modules.sactipeptides results to json
DEBUG    28/03 18:23:56   Converting antismash.modules.t2pks results to json
DEBUG    28/03 18:23:56   Converting antismash.modules.terpene results to json
DEBUG    28/03 18:23:56   Converting antismash.modules.tfbs_finder results to json
DEBUG    28/03 18:23:56   Converting antismash.modules.thiopeptides results to json
DEBUG    28/03 18:23:56   Converting antismash.modules.tta results to json
DEBUG    28/03 18:23:56   Record CBC-1-assembly_contig_231-6497 has results for modules: hmm_detection, cluster_hmmer, genefunctions, nrps_pks_domains, tigrfam, active_site_finder, cluster_compare, clusterblast, lanthipeptides, lassopeptides, nrps_pks, pfam2go, rrefinder, sactipeptides, t2pks, terpene, tfbs_finder, thiopeptides
DEBUG    28/03 18:23:56   Converting antismash.detection.hmm_detection results to json
DEBUG    28/03 18:23:56   Converting antismash.detection.cluster_hmmer results to json
DEBUG    28/03 18:23:56   Converting antismash.detection.genefunctions results to json
DEBUG    28/03 18:23:56   Converting antismash.detection.nrps_pks_domains results to json
DEBUG    28/03 18:23:56   Converting antismash.detection.tigrfam results to json
DEBUG    28/03 18:23:56   Converting antismash.modules.active_site_finder results to json
DEBUG    28/03 18:23:56   Converting antismash.modules.cluster_compare results to json
DEBUG    28/03 18:23:56   Converting antismash.modules.clusterblast results to json
DEBUG    28/03 18:23:56   Converting antismash.modules.lanthipeptides results to json
DEBUG    28/03 18:23:56   Converting antismash.modules.lassopeptides results to json
DEBUG    28/03 18:23:56   Converting antismash.modules.nrps_pks results to json
DEBUG    28/03 18:23:56   Converting antismash.modules.pfam2go results to json
DEBUG    28/03 18:23:56   Converting antismash.modules.rrefinder results to json
DEBUG    28/03 18:23:56   Converting antismash.modules.sactipeptides results to json
DEBUG    28/03 18:23:56   Converting antismash.modules.t2pks results to json
DEBUG    28/03 18:23:56   Converting antismash.modules.terpene results to json
DEBUG    28/03 18:23:56   Converting antismash.modules.tfbs_finder results to json
DEBUG    28/03 18:23:56   Converting antismash.modules.thiopeptides results to json
DEBUG    28/03 18:23:56   Converting antismash.modules.tta results to json
DEBUG    28/03 18:23:56   Record CBC-1-assembly_contig_241-3817 has results for modules: hmm_detection, cluster_hmmer, genefunctions, nrps_pks_domains, tigrfam, active_site_finder, cluster_compare, clusterblast, lanthipeptides, lassopeptides, nrps_pks, pfam2go, rrefinder, sactipeptides, t2pks, terpene, tfbs_finder, thiopeptides
DEBUG    28/03 18:23:56   Converting antismash.detection.hmm_detection results to json
DEBUG    28/03 18:23:56   Converting antismash.detection.cluster_hmmer results to json
DEBUG    28/03 18:23:56   Converting antismash.detection.genefunctions results to json
DEBUG    28/03 18:23:56   Converting antismash.detection.nrps_pks_domains results to json
DEBUG    28/03 18:23:56   Converting antismash.detection.tigrfam results to json
DEBUG    28/03 18:23:56   Converting antismash.modules.active_site_finder results to json
DEBUG    28/03 18:23:56   Converting antismash.modules.cluster_compare results to json
DEBUG    28/03 18:23:56   Converting antismash.modules.clusterblast results to json
DEBUG    28/03 18:23:56   Converting antismash.modules.lanthipeptides results to json
DEBUG    28/03 18:23:56   Converting antismash.modules.lassopeptides results to json
DEBUG    28/03 18:23:56   Converting antismash.modules.nrps_pks results to json
DEBUG    28/03 18:23:56   Converting antismash.modules.pfam2go results to json
DEBUG    28/03 18:23:56   Converting antismash.modules.rrefinder results to json
DEBUG    28/03 18:23:56   Converting antismash.modules.sactipeptides results to json
DEBUG    28/03 18:23:56   Converting antismash.modules.t2pks results to json
DEBUG    28/03 18:23:56   Converting antismash.modules.terpene results to json
DEBUG    28/03 18:23:56   Converting antismash.modules.tfbs_finder results to json
DEBUG    28/03 18:23:56   Converting antismash.modules.thiopeptides results to json
DEBUG    28/03 18:23:56   Converting antismash.modules.tta results to json
DEBUG    28/03 18:23:56   Record CBC-1-assembly_contig_251-3407 has results for modules: hmm_detection, cluster_hmmer, genefunctions, nrps_pks_domains, tigrfam, active_site_finder, cluster_compare, clusterblast, lanthipeptides, lassopeptides, nrps_pks, pfam2go, rrefinder, sactipeptides, t2pks, terpene, tfbs_finder, thiopeptides, tta
DEBUG    28/03 18:23:56   Converting antismash.detection.hmm_detection results to json
DEBUG    28/03 18:23:56   Converting antismash.detection.cluster_hmmer results to json
DEBUG    28/03 18:23:56   Converting antismash.detection.genefunctions results to json
DEBUG    28/03 18:23:56   Converting antismash.detection.nrps_pks_domains results to json
DEBUG    28/03 18:23:56   Converting antismash.detection.tigrfam results to json
DEBUG    28/03 18:23:56   Converting antismash.modules.active_site_finder results to json
DEBUG    28/03 18:23:56   Converting antismash.modules.cluster_compare results to json
DEBUG    28/03 18:23:56   Converting antismash.modules.clusterblast results to json
DEBUG    28/03 18:23:56   Converting antismash.modules.lanthipeptides results to json
DEBUG    28/03 18:23:56   Converting antismash.modules.lassopeptides results to json
DEBUG    28/03 18:23:56   Converting antismash.modules.nrps_pks results to json
DEBUG    28/03 18:23:56   Converting antismash.modules.pfam2go results to json
DEBUG    28/03 18:23:56   Converting antismash.modules.rrefinder results to json
DEBUG    28/03 18:23:56   Converting antismash.modules.sactipeptides results to json
DEBUG    28/03 18:23:56   Converting antismash.modules.t2pks results to json
DEBUG    28/03 18:23:56   Converting antismash.modules.terpene results to json
DEBUG    28/03 18:23:56   Converting antismash.modules.tfbs_finder results to json
DEBUG    28/03 18:23:56   Converting antismash.modules.thiopeptides results to json
DEBUG    28/03 18:23:56   Converting antismash.modules.tta results to json
DEBUG    28/03 18:23:56   Annotating record NZ_CP106873.1_RagTag with results from: hmm_detection, cluster_hmmer, genefunctions, nrps_pks_domains, tigrfam, active_site_finder, cluster_compare, clusterblast, lanthipeptides, lassopeptides, nrps_pks, pfam2go, rrefinder, sactipeptides, t2pks, terpene, tfbs_finder, thiopeptides, tta
DEBUG    28/03 18:23:56    Adding results from antismash.modules.active_site_finder
DEBUG    28/03 18:23:56    Adding results from antismash.modules.cluster_compare
DEBUG    28/03 18:23:56    Adding results from antismash.modules.clusterblast
DEBUG    28/03 18:23:56    Adding results from antismash.modules.lanthipeptides
DEBUG    28/03 18:23:56    Adding results from antismash.modules.lassopeptides
DEBUG    28/03 18:23:56    Adding results from antismash.modules.nrps_pks
DEBUG    28/03 18:23:56    Adding results from antismash.modules.pfam2go
DEBUG    28/03 18:23:56    Adding results from antismash.modules.rrefinder
DEBUG    28/03 18:23:56    Adding results from antismash.modules.sactipeptides
DEBUG    28/03 18:23:56    Adding results from antismash.modules.t2pks
DEBUG    28/03 18:23:56    Adding results from antismash.modules.terpene
DEBUG    28/03 18:23:56    Adding results from antismash.modules.tfbs_finder
DEBUG    28/03 18:23:56    Adding results from antismash.modules.thiopeptides
DEBUG    28/03 18:23:56    Adding results from antismash.modules.tta
DEBUG    28/03 18:23:56   Annotating record CBC-1-assembly_contig_231-6497 with results from: hmm_detection, cluster_hmmer, genefunctions, nrps_pks_domains, tigrfam, active_site_finder, cluster_compare, clusterblast, lanthipeptides, lassopeptides, nrps_pks, pfam2go, rrefinder, sactipeptides, t2pks, terpene, tfbs_finder, thiopeptides, tta
DEBUG    28/03 18:23:56    Adding results from antismash.modules.active_site_finder
DEBUG    28/03 18:23:56    Adding results from antismash.modules.cluster_compare
DEBUG    28/03 18:23:56    Adding results from antismash.modules.clusterblast
DEBUG    28/03 18:23:56    Adding results from antismash.modules.lanthipeptides
DEBUG    28/03 18:23:56    Adding results from antismash.modules.lassopeptides
DEBUG    28/03 18:23:56    Adding results from antismash.modules.nrps_pks
DEBUG    28/03 18:23:56    Adding results from antismash.modules.pfam2go
DEBUG    28/03 18:23:56    Adding results from antismash.modules.rrefinder
DEBUG    28/03 18:23:56    Adding results from antismash.modules.sactipeptides
DEBUG    28/03 18:23:56    Adding results from antismash.modules.t2pks
DEBUG    28/03 18:23:56    Adding results from antismash.modules.terpene
DEBUG    28/03 18:23:56    Adding results from antismash.modules.tfbs_finder
DEBUG    28/03 18:23:56    Adding results from antismash.modules.thiopeptides
DEBUG    28/03 18:23:56    Adding results from antismash.modules.tta
DEBUG    28/03 18:23:56   Annotating record CBC-1-assembly_contig_241-3817 with results from: hmm_detection, cluster_hmmer, genefunctions, nrps_pks_domains, tigrfam, active_site_finder, cluster_compare, clusterblast, lanthipeptides, lassopeptides, nrps_pks, pfam2go, rrefinder, sactipeptides, t2pks, terpene, tfbs_finder, thiopeptides, tta
DEBUG    28/03 18:23:56    Adding results from antismash.modules.active_site_finder
DEBUG    28/03 18:23:56    Adding results from antismash.modules.cluster_compare
DEBUG    28/03 18:23:56    Adding results from antismash.modules.clusterblast
DEBUG    28/03 18:23:56    Adding results from antismash.modules.lanthipeptides
DEBUG    28/03 18:23:56    Adding results from antismash.modules.lassopeptides
DEBUG    28/03 18:23:56    Adding results from antismash.modules.nrps_pks
DEBUG    28/03 18:23:56    Adding results from antismash.modules.pfam2go
DEBUG    28/03 18:23:56    Adding results from antismash.modules.rrefinder
DEBUG    28/03 18:23:56    Adding results from antismash.modules.sactipeptides
DEBUG    28/03 18:23:56    Adding results from antismash.modules.t2pks
DEBUG    28/03 18:23:56    Adding results from antismash.modules.terpene
DEBUG    28/03 18:23:56    Adding results from antismash.modules.tfbs_finder
DEBUG    28/03 18:23:56    Adding results from antismash.modules.thiopeptides
DEBUG    28/03 18:23:56    Adding results from antismash.modules.tta
DEBUG    28/03 18:23:56   Annotating record CBC-1-assembly_contig_251-3407 with results from: hmm_detection, cluster_hmmer, genefunctions, nrps_pks_domains, tigrfam, active_site_finder, cluster_compare, clusterblast, lanthipeptides, lassopeptides, nrps_pks, pfam2go, rrefinder, sactipeptides, t2pks, terpene, tfbs_finder, thiopeptides, tta
DEBUG    28/03 18:23:56    Adding results from antismash.modules.active_site_finder
DEBUG    28/03 18:23:56    Adding results from antismash.modules.cluster_compare
DEBUG    28/03 18:23:56    Adding results from antismash.modules.clusterblast
DEBUG    28/03 18:23:56    Adding results from antismash.modules.lanthipeptides
DEBUG    28/03 18:23:56    Adding results from antismash.modules.lassopeptides
DEBUG    28/03 18:23:56    Adding results from antismash.modules.nrps_pks
DEBUG    28/03 18:23:56    Adding results from antismash.modules.pfam2go
DEBUG    28/03 18:23:56    Adding results from antismash.modules.rrefinder
DEBUG    28/03 18:23:56    Adding results from antismash.modules.sactipeptides
DEBUG    28/03 18:23:56    Adding results from antismash.modules.t2pks
DEBUG    28/03 18:23:56    Adding results from antismash.modules.terpene
DEBUG    28/03 18:23:56    Adding results from antismash.modules.tfbs_finder
DEBUG    28/03 18:23:56    Adding results from antismash.modules.thiopeptides
DEBUG    28/03 18:23:56    Adding results from antismash.modules.tta
DEBUG    28/03 18:23:56   Writing non-HTML output files
DEBUG    28/03 18:23:56    Writing relevant output files for antismash.detection.hmm_detection
DEBUG    28/03 18:23:56    Writing relevant output files for antismash.detection.cluster_hmmer
DEBUG    28/03 18:23:56    Writing relevant output files for antismash.detection.genefunctions
DEBUG    28/03 18:23:56    Writing relevant output files for antismash.detection.nrps_pks_domains
DEBUG    28/03 18:23:56    Writing relevant output files for antismash.detection.tigrfam
DEBUG    28/03 18:23:56    Writing relevant output files for antismash.modules.active_site_finder
DEBUG    28/03 18:23:56    Writing relevant output files for antismash.modules.cluster_compare
DEBUG    28/03 18:23:56    Writing relevant output files for antismash.modules.clusterblast
DEBUG    28/03 18:23:57    Writing relevant output files for antismash.modules.lanthipeptides
DEBUG    28/03 18:23:57    Writing relevant output files for antismash.modules.lassopeptides
DEBUG    28/03 18:23:57    Writing relevant output files for antismash.modules.nrps_pks
DEBUG    28/03 18:23:57    Writing relevant output files for antismash.modules.pfam2go
DEBUG    28/03 18:23:57    Writing relevant output files for antismash.modules.rrefinder
DEBUG    28/03 18:23:57    Writing relevant output files for antismash.modules.sactipeptides
DEBUG    28/03 18:23:57    Writing relevant output files for antismash.modules.t2pks
DEBUG    28/03 18:23:57    Writing relevant output files for antismash.modules.terpene
DEBUG    28/03 18:23:57    Writing relevant output files for antismash.modules.tfbs_finder
DEBUG    28/03 18:23:57    Writing relevant output files for antismash.modules.thiopeptides
DEBUG    28/03 18:23:57    Writing relevant output files for antismash.modules.tta
DEBUG    28/03 18:23:57    Writing relevant output files for antismash.detection.hmm_detection
DEBUG    28/03 18:23:57    Writing relevant output files for antismash.detection.cluster_hmmer
DEBUG    28/03 18:23:57    Writing relevant output files for antismash.detection.genefunctions
DEBUG    28/03 18:23:57    Writing relevant output files for antismash.detection.nrps_pks_domains
DEBUG    28/03 18:23:57    Writing relevant output files for antismash.detection.tigrfam
DEBUG    28/03 18:23:57    Writing relevant output files for antismash.modules.active_site_finder
DEBUG    28/03 18:23:57    Writing relevant output files for antismash.modules.cluster_compare
DEBUG    28/03 18:23:57    Writing relevant output files for antismash.modules.clusterblast
DEBUG    28/03 18:23:57    Writing relevant output files for antismash.modules.lanthipeptides
DEBUG    28/03 18:23:57    Writing relevant output files for antismash.modules.lassopeptides
DEBUG    28/03 18:23:57    Writing relevant output files for antismash.modules.nrps_pks
DEBUG    28/03 18:23:57    Writing relevant output files for antismash.modules.pfam2go
DEBUG    28/03 18:23:57    Writing relevant output files for antismash.modules.rrefinder
DEBUG    28/03 18:23:57    Writing relevant output files for antismash.modules.sactipeptides
DEBUG    28/03 18:23:57    Writing relevant output files for antismash.modules.t2pks
DEBUG    28/03 18:23:57    Writing relevant output files for antismash.modules.terpene
DEBUG    28/03 18:23:57    Writing relevant output files for antismash.modules.tfbs_finder
DEBUG    28/03 18:23:57    Writing relevant output files for antismash.modules.thiopeptides
DEBUG    28/03 18:23:57    Writing relevant output files for antismash.modules.tta
DEBUG    28/03 18:23:57    Writing relevant output files for antismash.detection.hmm_detection
DEBUG    28/03 18:23:57    Writing relevant output files for antismash.detection.cluster_hmmer
DEBUG    28/03 18:23:57    Writing relevant output files for antismash.detection.genefunctions
DEBUG    28/03 18:23:57    Writing relevant output files for antismash.detection.nrps_pks_domains
DEBUG    28/03 18:23:57    Writing relevant output files for antismash.detection.tigrfam
DEBUG    28/03 18:23:57    Writing relevant output files for antismash.modules.active_site_finder
DEBUG    28/03 18:23:57    Writing relevant output files for antismash.modules.cluster_compare
DEBUG    28/03 18:23:57    Writing relevant output files for antismash.modules.clusterblast
DEBUG    28/03 18:23:57    Writing relevant output files for antismash.modules.lanthipeptides
DEBUG    28/03 18:23:57    Writing relevant output files for antismash.modules.lassopeptides
DEBUG    28/03 18:23:57    Writing relevant output files for antismash.modules.nrps_pks
DEBUG    28/03 18:23:57    Writing relevant output files for antismash.modules.pfam2go
DEBUG    28/03 18:23:57    Writing relevant output files for antismash.modules.rrefinder
DEBUG    28/03 18:23:57    Writing relevant output files for antismash.modules.sactipeptides
DEBUG    28/03 18:23:57    Writing relevant output files for antismash.modules.t2pks
DEBUG    28/03 18:23:57    Writing relevant output files for antismash.modules.terpene
DEBUG    28/03 18:23:57    Writing relevant output files for antismash.modules.tfbs_finder
DEBUG    28/03 18:23:57    Writing relevant output files for antismash.modules.thiopeptides
DEBUG    28/03 18:23:57    Writing relevant output files for antismash.modules.tta
DEBUG    28/03 18:23:57    Writing relevant output files for antismash.detection.hmm_detection
DEBUG    28/03 18:23:57    Writing relevant output files for antismash.detection.cluster_hmmer
DEBUG    28/03 18:23:57    Writing relevant output files for antismash.detection.genefunctions
DEBUG    28/03 18:23:57    Writing relevant output files for antismash.detection.nrps_pks_domains
DEBUG    28/03 18:23:57    Writing relevant output files for antismash.detection.tigrfam
DEBUG    28/03 18:23:57    Writing relevant output files for antismash.modules.active_site_finder
DEBUG    28/03 18:23:57    Writing relevant output files for antismash.modules.cluster_compare
DEBUG    28/03 18:23:57    Writing relevant output files for antismash.modules.clusterblast
DEBUG    28/03 18:23:57    Writing relevant output files for antismash.modules.lanthipeptides
DEBUG    28/03 18:23:57    Writing relevant output files for antismash.modules.lassopeptides
DEBUG    28/03 18:23:57    Writing relevant output files for antismash.modules.nrps_pks
DEBUG    28/03 18:23:57    Writing relevant output files for antismash.modules.pfam2go
DEBUG    28/03 18:23:57    Writing relevant output files for antismash.modules.rrefinder
DEBUG    28/03 18:23:57    Writing relevant output files for antismash.modules.sactipeptides
DEBUG    28/03 18:23:57    Writing relevant output files for antismash.modules.t2pks
DEBUG    28/03 18:23:57    Writing relevant output files for antismash.modules.terpene
DEBUG    28/03 18:23:57    Writing relevant output files for antismash.modules.tfbs_finder
DEBUG    28/03 18:23:57    Writing relevant output files for antismash.modules.thiopeptides
DEBUG    28/03 18:23:57    Writing relevant output files for antismash.modules.tta
DEBUG    28/03 18:23:57   Creating results page
DEBUG    28/03 18:23:57   Results page using antismash.js from local copy: /databases/as-js/0.16/antismash.js
DEBUG    28/03 18:23:59   Writing cluster-specific genbank files
DEBUG    28/03 18:23:59   Writing final genbank file to '/data/antismash/upload/bacteria-a4493205-0320-412f-bf88-7e1c0c71c653/ragtag.scaffold.gbk'
DEBUG    28/03 18:23:59   Zipping output to '/data/antismash/upload/bacteria-a4493205-0320-412f-bf88-7e1c0c71c653/ragtag.scaffold.zip'
